// Jest Snapshot v1, https://goo.gl/fbAQLP

exports[`xm-player with props should render 1`] = `
<xm-player lang="en" volume="0.3">
  <mock:shadow-root>
    <div class="player">
      <xm-screen>
        <slot name="primary" slot="primary"></slot>
        <slot name="secondary" slot="secondary"></slot>
      </xm-screen>
      <xm-controls>
        <mock:shadow-root>
          <div class="controls">
            <xm-settings-menu></xm-settings-menu>
            <input autocomplete="off" class="controls__slider" max="0" min="0" part="slider" step="any" type="range" value="0">
            <div class="controls__toolbar">
              <button title="Play">
                <span class="svg">
                  <svg focusable="false" role="presentation" viewBox="0 0 32 32">
                    <path d="M24.267 14.867l-4.867-2.867c-1.067-0.6-2.867-1.667-3.933-2.333l-5.067-2.867c-1.067-0.667-2.133-0.133-2.133 1.133v16.067c0 1.267 1.067 1.8 2.133 1.133l4.933-2.867c1.067-0.6 2.933-1.667 4-2.333l4.867-2.867c1.133-0.533 1.133-1.6 0.067-2.2z"></path>
                  </svg>
                </span>
              </button>
              <div class="controls-volume">
                <button class="controls__unmute" title="Unmute">
                  <span class="svg">
                    <svg focusable="false" role="presentation" viewBox="0 0 32 32">
                      <path d="M22.133 21.8l-2.533-2.533 3.267-3.267-3.267-3.267 2.533-2.533 3.267 3.267 3.267-3.267 2.533 2.533-3.333 3.267 3.333 3.267-2.533 2.533-3.267-3.267zM16.733 4.133c-0.533 0-1.067 0.267-1.533 0.667l-5.2 4.533v13.4l5.2 4.533c0.267 0.267 0.6 0.467 0.933 0.533 0.267 0.067 0.533 0.067 0.733 0 0.267-0.067 0.467-0.133 0.733-0.267 0.467-0.267 0.8-0.733 0.8-1.333v-20.533c0.067-0.867-0.8-1.467-1.667-1.533v0zM8.333 9.333v13.333h-3.8c-0.667 0-1.2-0.2-1.6-0.6s-0.533-1-0.533-1.6v-9c0-0.667 0.2-1.2 0.667-1.6s1.067-0.533 1.733-0.533h3.533z"></path>
                    </svg>
                  </span>
                </button>
                <input class="controls__slider controls__slider--volume" max="1" min="0" step="0.1" type="range" value="0">
              </div>
              <span class="controls__time" title="Time left of 00:00s">
                00:00 / 00:00
              </span>
              <div class="controls__playback-rate">
                <div class="controls__playback-rate__menu">
                  <button class="controls__playback-rate__button"></button>
                  <button class="controls__playback-rate__button"></button>
                  <button class="controls__playback-rate__button controls__playback-rate__button--current"></button>
                  <button class="controls__playback-rate__button"></button>
                  <button class="controls__playback-rate__button"></button>
                  <button class="controls__playback-rate__button"></button>
                  <button class="controls__playback-rate__button"></button>
                </div>
                <button title="Playback rate">
                  <span class="controls__shortcut-icon svg">
                    <svg focusable="false" role="presentation" viewBox="0 0 32 32">
                      <path d="M6.857 20.571q0-0.946-0.67-1.616t-1.616-0.67-1.616 0.67-0.67 1.616 0.67 1.616 1.616 0.67 1.616-0.67 0.67-1.616zM10.286 12.571q0-0.946-0.67-1.616t-1.616-0.67-1.616 0.67-0.67 1.616 0.67 1.616 1.616 0.67 1.616-0.67 0.67-1.616zM17.929 21.161l1.804-6.821q0.107-0.464-0.134-0.866t-0.688-0.527-0.857 0.116-0.536 0.705l-1.804 6.821q-1.071 0.089-1.911 0.777t-1.125 1.759q-0.357 1.375 0.357 2.607t2.089 1.589 2.607-0.357 1.589-2.089q0.286-1.071-0.107-2.089t-1.286-1.625zM29.714 20.571q0-0.946-0.67-1.616t-1.616-0.67-1.616 0.67-0.67 1.616 0.67 1.616 1.616 0.67 1.616-0.67 0.67-1.616zM18.286 9.143q0-0.946-0.67-1.616t-1.616-0.67-1.616 0.67-0.67 1.616 0.67 1.616 1.616 0.67 1.616-0.67 0.67-1.616zM26.286 12.571q0-0.946-0.67-1.616t-1.616-0.67-1.616 0.67-0.67 1.616 0.67 1.616 1.616 0.67 1.616-0.67 0.67-1.616zM32 20.571q0 4.661-2.518 8.625-0.339 0.518-0.964 0.518h-25.036q-0.625 0-0.964-0.518-2.518-3.946-2.518-8.625 0-3.25 1.268-6.214t3.411-5.107 5.107-3.411 6.214-1.268 6.214 1.268 5.107 3.411 3.411 5.107 1.268 6.214z"></path>
                    </svg>
                  </span>
                </button>
              </div>
              <button title="Settings">
                <span class="controls__settings-icon svg">
                  <svg focusable="false" role="presentation" viewBox="0 0 32 32">
                    <path d="M18.286 16q0-1.893-1.339-3.232t-3.232-1.339-3.232 1.339-1.339 3.232 1.339 3.232 3.232 1.339 3.232-1.339 1.339-3.232zM27.429 14.054v3.964q0 0.214-0.143 0.411t-0.357 0.232l-3.304 0.5q-0.339 0.964-0.696 1.625 0.625 0.893 1.911 2.464 0.179 0.214 0.179 0.446t-0.161 0.411q-0.482 0.661-1.768 1.929t-1.679 1.268q-0.214 0-0.464-0.161l-2.464-1.929q-0.786 0.411-1.625 0.679-0.286 2.429-0.518 3.321-0.125 0.5-0.643 0.5h-3.964q-0.25 0-0.438-0.152t-0.205-0.384l-0.5-3.286q-0.875-0.286-1.607-0.661l-2.518 1.911q-0.179 0.161-0.446 0.161-0.25 0-0.446-0.196-2.25-2.036-2.946-3-0.125-0.179-0.125-0.411 0-0.214 0.143-0.411 0.268-0.375 0.911-1.188t0.964-1.259q-0.482-0.893-0.732-1.768l-3.268-0.482q-0.232-0.036-0.375-0.223t-0.143-0.42v-3.964q0-0.214 0.143-0.411t0.339-0.232l3.321-0.5q0.25-0.821 0.696-1.643-0.714-1.018-1.911-2.464-0.179-0.214-0.179-0.429 0-0.179 0.161-0.411 0.464-0.643 1.759-1.92t1.688-1.277q0.232 0 0.464 0.179l2.464 1.911q0.786-0.411 1.625-0.679 0.286-2.429 0.518-3.321 0.125-0.5 0.643-0.5h3.964q0.25 0 0.438 0.152t0.205 0.384l0.5 3.286q0.875 0.286 1.607 0.661l2.536-1.911q0.161-0.161 0.429-0.161 0.232 0 0.446 0.179 2.304 2.125 2.946 3.036 0.125 0.143 0.125 0.393 0 0.214-0.143 0.411-0.268 0.375-0.911 1.188t-0.964 1.259q0.464 0.893 0.732 1.75l3.268 0.5q0.232 0.036 0.375 0.223t0.143 0.42z"></path>
                  </svg>
                </span>
              </button>
              <button title="Enter full screen">
                <span class="svg">
                  <svg focusable="false" role="presentation" viewBox="0 0 32 32">
                    <path d="M10.8 18.867l-5 5-3-2.933v8.267h8.267l-2.933-3 5-5zM20.933 2.8l2.933 3-5 5 2.333 2.333 5-5 3 2.933v-8.267zM10.8 13.133l2.333-2.333-5-5 2.933-3h-8.267v8.267l3-2.933zM21.2 18.867l-2.333 2.333 5 5-2.933 3h8.267v-8.267l-3 2.933z"></path>
                  </svg>
                </span>
              </button>
            </div>
          </div>
        </mock:shadow-root>
      </xm-controls>
    </div>
  </mock:shadow-root>
  <xm-video slot="primary" src="340196868"></xm-video>
  <xm-video slot="secondary" src="340196788"></xm-video>
</xm-player>
`;

exports[`xm-player with props should render with volume 1`] = `
<xm-player lang="en" volume="0.3">
  <mock:shadow-root>
    <div class="player">
      <xm-screen>
        <slot name="primary" slot="primary"></slot>
        <slot name="secondary" slot="secondary"></slot>
      </xm-screen>
      <xm-controls>
        <mock:shadow-root>
          <div class="controls">
            <xm-settings-menu></xm-settings-menu>
            <input autocomplete="off" class="controls__slider" max="0" min="0" part="slider" step="any" type="range" value="0">
            <div class="controls__toolbar">
              <button title="Play">
                <span class="svg">
                  <svg focusable="false" role="presentation" viewBox="0 0 32 32">
                    <path d="M24.267 14.867l-4.867-2.867c-1.067-0.6-2.867-1.667-3.933-2.333l-5.067-2.867c-1.067-0.667-2.133-0.133-2.133 1.133v16.067c0 1.267 1.067 1.8 2.133 1.133l4.933-2.867c1.067-0.6 2.933-1.667 4-2.333l4.867-2.867c1.133-0.533 1.133-1.6 0.067-2.2z"></path>
                  </svg>
                </span>
              </button>
              <div class="controls-volume">
                <button class="controls__unmute" title="Unmute">
                  <span class="svg">
                    <svg focusable="false" role="presentation" viewBox="0 0 32 32">
                      <path d="M22.133 21.8l-2.533-2.533 3.267-3.267-3.267-3.267 2.533-2.533 3.267 3.267 3.267-3.267 2.533 2.533-3.333 3.267 3.333 3.267-2.533 2.533-3.267-3.267zM16.733 4.133c-0.533 0-1.067 0.267-1.533 0.667l-5.2 4.533v13.4l5.2 4.533c0.267 0.267 0.6 0.467 0.933 0.533 0.267 0.067 0.533 0.067 0.733 0 0.267-0.067 0.467-0.133 0.733-0.267 0.467-0.267 0.8-0.733 0.8-1.333v-20.533c0.067-0.867-0.8-1.467-1.667-1.533v0zM8.333 9.333v13.333h-3.8c-0.667 0-1.2-0.2-1.6-0.6s-0.533-1-0.533-1.6v-9c0-0.667 0.2-1.2 0.667-1.6s1.067-0.533 1.733-0.533h3.533z"></path>
                    </svg>
                  </span>
                </button>
                <input class="controls__slider controls__slider--volume" max="1" min="0" step="0.1" type="range" value="0">
              </div>
              <span class="controls__time" title="Time left of 00:00s">
                00:00 / 00:00
              </span>
              <div class="controls__playback-rate">
                <div class="controls__playback-rate__menu">
                  <button class="controls__playback-rate__button"></button>
                  <button class="controls__playback-rate__button"></button>
                  <button class="controls__playback-rate__button controls__playback-rate__button--current"></button>
                  <button class="controls__playback-rate__button"></button>
                  <button class="controls__playback-rate__button"></button>
                  <button class="controls__playback-rate__button"></button>
                  <button class="controls__playback-rate__button"></button>
                </div>
                <button title="Playback rate">
                  <span class="controls__shortcut-icon svg">
                    <svg focusable="false" role="presentation" viewBox="0 0 32 32">
                      <path d="M6.857 20.571q0-0.946-0.67-1.616t-1.616-0.67-1.616 0.67-0.67 1.616 0.67 1.616 1.616 0.67 1.616-0.67 0.67-1.616zM10.286 12.571q0-0.946-0.67-1.616t-1.616-0.67-1.616 0.67-0.67 1.616 0.67 1.616 1.616 0.67 1.616-0.67 0.67-1.616zM17.929 21.161l1.804-6.821q0.107-0.464-0.134-0.866t-0.688-0.527-0.857 0.116-0.536 0.705l-1.804 6.821q-1.071 0.089-1.911 0.777t-1.125 1.759q-0.357 1.375 0.357 2.607t2.089 1.589 2.607-0.357 1.589-2.089q0.286-1.071-0.107-2.089t-1.286-1.625zM29.714 20.571q0-0.946-0.67-1.616t-1.616-0.67-1.616 0.67-0.67 1.616 0.67 1.616 1.616 0.67 1.616-0.67 0.67-1.616zM18.286 9.143q0-0.946-0.67-1.616t-1.616-0.67-1.616 0.67-0.67 1.616 0.67 1.616 1.616 0.67 1.616-0.67 0.67-1.616zM26.286 12.571q0-0.946-0.67-1.616t-1.616-0.67-1.616 0.67-0.67 1.616 0.67 1.616 1.616 0.67 1.616-0.67 0.67-1.616zM32 20.571q0 4.661-2.518 8.625-0.339 0.518-0.964 0.518h-25.036q-0.625 0-0.964-0.518-2.518-3.946-2.518-8.625 0-3.25 1.268-6.214t3.411-5.107 5.107-3.411 6.214-1.268 6.214 1.268 5.107 3.411 3.411 5.107 1.268 6.214z"></path>
                    </svg>
                  </span>
                </button>
              </div>
              <button title="Settings">
                <span class="controls__settings-icon svg">
                  <svg focusable="false" role="presentation" viewBox="0 0 32 32">
                    <path d="M18.286 16q0-1.893-1.339-3.232t-3.232-1.339-3.232 1.339-1.339 3.232 1.339 3.232 3.232 1.339 3.232-1.339 1.339-3.232zM27.429 14.054v3.964q0 0.214-0.143 0.411t-0.357 0.232l-3.304 0.5q-0.339 0.964-0.696 1.625 0.625 0.893 1.911 2.464 0.179 0.214 0.179 0.446t-0.161 0.411q-0.482 0.661-1.768 1.929t-1.679 1.268q-0.214 0-0.464-0.161l-2.464-1.929q-0.786 0.411-1.625 0.679-0.286 2.429-0.518 3.321-0.125 0.5-0.643 0.5h-3.964q-0.25 0-0.438-0.152t-0.205-0.384l-0.5-3.286q-0.875-0.286-1.607-0.661l-2.518 1.911q-0.179 0.161-0.446 0.161-0.25 0-0.446-0.196-2.25-2.036-2.946-3-0.125-0.179-0.125-0.411 0-0.214 0.143-0.411 0.268-0.375 0.911-1.188t0.964-1.259q-0.482-0.893-0.732-1.768l-3.268-0.482q-0.232-0.036-0.375-0.223t-0.143-0.42v-3.964q0-0.214 0.143-0.411t0.339-0.232l3.321-0.5q0.25-0.821 0.696-1.643-0.714-1.018-1.911-2.464-0.179-0.214-0.179-0.429 0-0.179 0.161-0.411 0.464-0.643 1.759-1.92t1.688-1.277q0.232 0 0.464 0.179l2.464 1.911q0.786-0.411 1.625-0.679 0.286-2.429 0.518-3.321 0.125-0.5 0.643-0.5h3.964q0.25 0 0.438 0.152t0.205 0.384l0.5 3.286q0.875 0.286 1.607 0.661l2.536-1.911q0.161-0.161 0.429-0.161 0.232 0 0.446 0.179 2.304 2.125 2.946 3.036 0.125 0.143 0.125 0.393 0 0.214-0.143 0.411-0.268 0.375-0.911 1.188t-0.964 1.259q0.464 0.893 0.732 1.75l3.268 0.5q0.232 0.036 0.375 0.223t0.143 0.42z"></path>
                  </svg>
                </span>
              </button>
              <button title="Enter full screen">
                <span class="svg">
                  <svg focusable="false" role="presentation" viewBox="0 0 32 32">
                    <path d="M10.8 18.867l-5 5-3-2.933v8.267h8.267l-2.933-3 5-5zM20.933 2.8l2.933 3-5 5 2.333 2.333 5-5 3 2.933v-8.267zM10.8 13.133l2.333-2.333-5-5 2.933-3h-8.267v8.267l3-2.933zM21.2 18.867l-2.333 2.333 5 5-2.933 3h8.267v-8.267l-3 2.933z"></path>
                  </svg>
                </span>
              </button>
            </div>
          </div>
        </mock:shadow-root>
      </xm-controls>
    </div>
  </mock:shadow-root>
  <xm-video slot="primary" src="340196868"></xm-video>
  <xm-video slot="secondary" src="340196788"></xm-video>
</xm-player>
`;
